../ontology-framework/ai_tools.ttl
../ontology-framework/als.ttl
../ontology-framework/audio_deployment_ontology.ttl
../ontology-framework/cognition_patterns.ttl
../ontology-framework/cognitive_automata.ttl
../ontology-framework/conversation.ttl
../ontology-framework/creative_analogies.ttl
../ontology-framework/finite_automaton_infinite_world.ttl
../ontology-framework/guidance.ttl
../ontology-framework/langgraph.ttl
../ontology-framework/meta.ttl
../ontology-framework/metameta.ttl
../ontology-framework/mu.ttl
../ontology-framework/mu_names.ttl
../ontology-framework/oci.ttl
../ontology-framework/ontology_analysis_plan.ttl
../ontology-framework/ontology_shapes.ttl
../ontology-framework/oracle-oci-discovery-ontology.ttl
../ontology-framework/prefix_management.ttl
../ontology-framework/prefix_validation.ttl
../ontology-framework/problem.ttl
../ontology-framework/prompt-manager/compose-readme.ttl
../ontology-framework/prompt-manager/prompt-manager.ttl
../ontology-framework/qemu-mac-12.ttl
../ontology-framework/risks.ttl
../ontology-framework/solution.ttl
../ontology-framework/solution_space_fixed.ttl
../ontology-framework/ssh-debug-ontology.ttl
../ontology-framework/stereo.ttl
../ontology-framework/updated_audio_deployment_ontology.ttl
